; PUSH SYMBOL
; IR code
; PUSH SYMBOLINTreturnValue,i,j,k;
;postfix2: 0
;number rec before: 1
;number rec after: 1
;left: returnValue right: 0 true
;number before: 1 number after: 1
;only one function call with operation: or no function call0
;0
;Print store: c 0 left: !T1
;Print store: c !T1 left: $-4
; PUSH SYMBOL
;Print store: c $2 left: $-3
;Print store: c 10 left: !T2
; PUSH SYMBOL
;Print store: c 0 left: !T3
;Print store: c !T3 left: $-2
;Print store: c 10 left: !T4
; PUSH SYMBOL
;Print store: c 0 left: !T5
;Print store: c !T5 left: $-1
;Print store: c 10 left: !T6
;postfix2: returnValue+1
;number rec before: 7
;number rec after: 7
;left: returnValue right: returnValue+1 true
;number before: 7 number after: 7
;only one function call with operation: or no function callreturnValue+1
;returnValue 1 +
;Print store: c !T8 left: $-4
;Print store: c !T10 left: $-1
;Print store: c !T12 left: $-2
;Print store: c !T14 left: $-3
;RETURN: No Function; PUSH SYMBOLINTvalue,result;
;postfix2: 1
;number rec before: 15
;number rec after: 15
;left: value right: 1 true
;number before: 15 number after: 15
;only one function call with operation: or no function call1
;1
;Print store: c 1 left: !T15
;Print store: c !T15 left: $-2
;found: myNestedLoopThatIncrements(value)
;postfix2: !T16
;number rec before: 16
;number rec after: 17
;Key: !T16 call: myNestedLoopThatIncrements(value)
;left: result right: myNestedLoopThatIncrements(value) true
;number before: 17 number after: 18
;=======================
;current register = !T17 current call myNestedLoopThatIncrements(value)
;Function name = myNestedLoopThatIncrements
;Function parameters = value
; Postfix: value
;Error here: value
;-----------------------
;RETURN: No Function; PUSH
; JSR FUNC_id_main_L
; HALT
; LABEL FUNC_id_myNestedLoopThatIncrements_L
; LINK 5
; STOREI 0 !T1
; STOREI !T1 $-4
; STOREI $2 $-3
; LABEL label1
; STOREI 10 !T2
; GE $-3 !T2 label2
; STOREI 0 !T3
; STOREI !T3 $-2
; LABEL label3
; STOREI 10 !T4
; GE $-2 !T4 label4
; STOREI 0 !T5
; STOREI !T5 $-1
; LABEL label5
; STOREI 10 !T6
; GE $-1 !T6 label6
; STOREI 1 !T7
; ADDI $-4 !T7 !T8
; STOREI !T8 $-4
; STOREI 1 !T9
; ADDI $-1 !T9 !T10
; STOREI !T10 $-1
; JUMP label5
; LABEL label6
; STOREI 1 !T11
; ADDI $-2 !T11 !T12
; STOREI !T12 $-2
; JUMP label3
; LABEL label4
; STOREI 1 !T13
; ADDI $-3 !T13 !T14
; STOREI !T14 $-3
; JUMP label1
; LABEL label2
; STOREI $-4 $3
; UNLINK
; RET
; LABEL FUNC_id_main_L
; LINK 3
; STOREI 1 !T15
; STOREI !T15 $-2
; PUSH r0
; PUSH r1
; PUSH r2
; PUSH r3
; PUSH ;(return value)
; PUSH $-2
; JSR FUNC_id_myNestedLoopThatIncrements_L
; POP
; POP !T17
; STOREI !T17 !T17
; POP r3
; POP r2
; POP r1
; POP r0
; STOREI !T17 !T17 ;snemo
; STOREI !T17 $-1
; WRITEI $-1
; STOREI 0 !T18
; STOREI !T18 $2
; UNLINK
; RET
var returnValue
var i
var j
var k
var value
var result
push
jsr FUNC_id_main_L
sys halt
label FUNC_id_myNestedLoopThatIncrements_L
link 24
move 0 $-5
move $-5 r0
move r0 $-4
move $2 r0
move r0 $-3
label label1
move 10 $-7
move $-3 r0
move $-7 r1
cmpi r0 r1
jge label2
move 0 $-8
move $-8 r0
move r0 $-2
label label3
move 10 $-10
move $-2 r0
move $-10 r1
cmpi r0 r1
jge label4
move 0 $-11
move $-11 r0
move r0 $-1
label label5
move 10 $-13
move $-1 r0
move $-13 r1
cmpi r0 r1
jge label6
move 1 $-14
move $-4 r0
move $-14 r1
addi r0 r1
move r1 $-15 ; + STORE_HANDLED
move $-15 r0
move r0 $-4
move 1 $-17
move $-1 r0
move $-17 r1
addi r0 r1
move r1 $-18 ; + STORE_HANDLED
move $-18 r0
move r0 $-1
jmp label5
label label6
move 1 $-20
move $-2 r0
move $-20 r1
addi r0 r1
move r1 $-21 ; + STORE_HANDLED
move $-21 r0
move r0 $-2
jmp label3
label label4
move 1 $-23
move $-3 r0
move $-23 r1
addi r0 r1
move r1 $-24 ; + STORE_HANDLED
move $-24 r0
move r0 $-3
jmp label1
label label2
move $-4 r0
move r0 $3
unlnk
ret
label FUNC_id_main_L
link 22
move 1 $-3
move $-3 r0
move r0 $-2
push r0
push r1
push r2
push r3
push ;(return value)
push $-2
jsr FUNC_id_myNestedLoopThatIncrements_L
pop
pop $-5 ;using temp
move $-5 r0
move r0 $-5
pop r3
pop r2
pop r1
pop r0
move $-5 r0
move r0 $-5
move $-5 r0
move r0 $-1
sys writei $-1
move 0 $-11
move $-11 r0
move r0 $2
unlnk
ret
