;*****Start Unoptimized IR Code*****
;READF num
;STOREI 1 $T0
;STOREI $T0 j
;STOREF num approx
;STOREI 100 $T1
;STOREI $T1 i
;LABEL label1
;STOREI 0 $T4
;EQ i $T4 label2
;STOREF 0.5 $T5
;DIVF num approx $T6
;ADDF approx $T6 $T7
;MULTF $T5 $T7 $T8
;STOREF $T8 newapprox
;STOREF newapprox approx
;LABEL FOR_INC_L0 -- Not Required
;STOREI 1 $T2
;SUBI i $T2 $T3
;STOREI $T3 i
;JUMP label1
;LABEL label2
;WRITEF approx
;WRITES eol
;*****End Unoptimized IR Code*****
;*****Start Unoptimized Tiny Code*****
;var i
;var j
;var newapprox
;var approx
;var num
;str eol "\n"
;sys readr num
;move 1 r0
;move r0 j
;move num r9
;move r9 approx
;move 100 r1
;move r1 i
;label label1
;move 0 r4
;cmpi i r4
;jeq label2
;move 0.5 r5
;move num r6
;divr approx r6
;move approx r7
;addr r6 r7
;move r5 r8
;mulr r7 r8
;move r8 newapprox
;move newapprox r10
;move r10 approx
;label FOR_INC_L0
;move 1 r2
;move i r3
;subi r2 r3
;move r3 i
;jmp label1
;label label2
;sys writer approx
;sys writes eol
;sys halt
;end
;*****End Unoptimized Tiny Code*****
;*****Start Optimized IR Code*****
;READF num
;STOREF num approx
;STOREI 100 i
;LABEL label1
;EQ i 0 label2
;DIVF num approx $T6
;ADDF approx $T6 $T7
;MULTF 0.5 $T7 $T8
;STOREF $T8 approx
;SUBI i 1 $T3
;STOREI $T3 i
;JUMP label1
;LABEL label2
;WRITEF approx
;WRITES eol
;*****End Optimized IR Code*****
;*****Start Optimized Tiny Code*****
var i
var j
var newapprox
var approx
var num
str eol "\n"
sys readr num
move num r11
move r11 approx
move 100 i
label label1
move 0 r12
cmpi i r12
jeq label2
move num r6
divr approx r6
move approx r7
addr r6 r7
move 0.5 r8
mulr r7 r8
move r8 approx
move i r3
subi 1 r3
move r3 i
jmp label1
label label2
sys writer approx
sys writes eol
sys halt
end
;*****End Optimized Tiny Code*****
