;IR code
;LABEL F
;STOREI 2 $T1
;LE n $T1 label1
;JUMP label2
;LABEL label1
;STOREI 0 $T2
;NE n $T2 label3
;JUMP label4
;LABEL label3
;STOREI 1 $T3
;NE n $T3 label5
;JUMP label6
;LABEL label5
;LABEL label6
;LABEL label4
;LABEL label2
;RET
;LABEL main
;WRITES input
;READI end
;STOREI 0 $T4
;STOREI $T4 i
;LABEL label7
;STOREF end $T5
;EQ i $T5 label8
;WRITEI i
;WRITES space
;WRITEI result
;WRITES eol
;STOREI 1 $T6
;ADDI i $T6 $T7
str1: i
str2: $T6
Location: $T7
;STOREI  $T7 i
;JUMP label7
;LABEL label8
;RET
;tiny code
str input "Please input an integer number: "
str space " "
str eol "\n"
label F
var ret1
var ret2
move 2 r0
cmpi n r0
jle label1
jmp label2
label label1
move 0 r1
cmpi n r1
jne label3
jmp label4
label label3
move 1 r2
cmpi n r2
jne label5
jmp label6
label label5
label label6
label label4
label label2
label main
var i
var end
var result
sys writes input
sys readi end
move 0 r3
move r3 i
label label7
move end r4
cmpr i r4
jeq label8
sys writei i
sys writes space
sys writei result
sys writes eol
move 1 r5
move i r6
addi r5 r6
move r6 i
jmp label7
label label8
sys halt
