; IR code
; PUSH
; JSR FUNC_id_main_L
; HALT
; LABEL FUNC_id_add_L
; LINK 2
; ADDF $2 $3 !T1
; STOREF !T1 $-1
; STOREF $-1 $4
; UNLINK
; RET
; LABEL FUNC_id_multiply_L
; LINK 2
; MULTF $2 $3 !T2
; STOREF !T2 $-1
; STOREF $-1 $4
; UNLINK
; RET
; LABEL FUNC_id_main_L
; LINK 6
; WRITES intro
; WRITES first
; READF $-1
; WRITES second
; READF $-2
; WRITES third
; READF $-3
; PUSH (return value)
; PUSH $-1
; PUSH $-2
; JSR FUNC_id_multiply_L
; POP
; POP
; POP !T3
; STOREF !T3 $-5
; PUSH (return value)
; PUSH $-5
; PUSH $-3
; JSR FUNC_id_add_L
; POP
; POP
; POP !T4
; STOREF !T4 $-4
; WRITEF $-1
; WRITES star
; WRITEF $-2
; WRITES plus
; WRITEF $-3
; WRITES equal
; WRITEF $-4
; WRITES eol
; STOREI 0 !T5
; STOREI !T5 $2
; UNLINK
; RET
; +++++++++++++
; CUSTOM NODE LIST
; +++++++++++++
; 0 ; PUSH 1 -1 -1
; 1 ; JSR FUNC_id_main_L 2 -1 0
; 2 ; HALT -1 -1 1
; 3 ; LABEL FUNC_id_add_L 4 -1 2
; 4 ; LINK 2 5 -1 3
; 5 ; ADDF $2 $3 !T1 6 -1 4
; 6 ; STOREF !T1 $-1 7 -1 5
; 7 ; STOREF $-1 $4 8 -1 6
; 8 ; UNLINK 9 -1 7
; 9 ; RET -1 -1 8
; 10 ; LABEL FUNC_id_multiply_L 11 -1 9
; 11 ; LINK 2 12 -1 10
; 12 ; MULTF $2 $3 !T2 13 -1 11
; 13 ; STOREF !T2 $-1 14 -1 12
; 14 ; STOREF $-1 $4 15 -1 13
; 15 ; UNLINK 16 -1 14
; 16 ; RET -1 -1 15
; 17 ; LABEL FUNC_id_main_L 18 -1 16
; 18 ; LINK 6 19 -1 17
; 19 ; WRITES intro 20 -1 18
; 20 ; WRITES first 21 -1 19
; 21 ; READF $-1 22 -1 20
; 22 ; WRITES second 23 -1 21
; 23 ; READF $-2 24 -1 22
; 24 ; WRITES third 25 -1 23
; 25 ; READF $-3 26 -1 24
; 26 ; PUSH (return value) 27 -1 25
; 27 ; PUSH $-1 28 -1 26
; 28 ; PUSH $-2 29 -1 27
; 29 ; JSR FUNC_id_multiply_L 30 -1 28
; 30 ; POP 31 -1 29
; 31 ; POP 32 -1 30
; 32 ; POP !T3 33 -1 31
; 33 ; STOREF !T3 $-5 34 -1 32
; 34 ; PUSH (return value) 35 -1 33
; 35 ; PUSH $-5 36 -1 34
; 36 ; PUSH $-3 37 -1 35
; 37 ; JSR FUNC_id_add_L 38 -1 36
; 38 ; POP 39 -1 37
; 39 ; POP 40 -1 38
; 40 ; POP !T4 41 -1 39
; 41 ; STOREF !T4 $-4 42 -1 40
; 42 ; WRITEF $-1 43 -1 41
; 43 ; WRITES star 44 -1 42
; 44 ; WRITEF $-2 45 -1 43
; 45 ; WRITES plus 46 -1 44
; 46 ; WRITEF $-3 47 -1 45
; 47 ; WRITES equal 48 -1 46
; 48 ; WRITEF $-4 49 -1 47
; 49 ; WRITES eol 50 -1 48
; 50 ; STOREI 0 !T5 51 -1 49
; 51 ; STOREI !T5 $2 52 -1 50
; 52 ; UNLINK 53 -1 51
; 53 ; RET -1 -1 52
; +++++++++++++
; GEN KILL LIST
; +++++++++++++
; PUSH => 0 Gen:  Kill: 
; JSR FUNC_id_main_L => 1 Gen: plus, second, star, eol, equal, first, third, intro, Kill: 
; HALT => 2 Gen:  Kill: 
; LABEL FUNC_id_add_L => 3 Gen:  Kill: 
; LINK 2 => 4 Gen:  Kill: 
; ADDF $2 $3 !T1 => 5 Gen: $3, $2, Kill: !T1,
; STOREF !T1 $-1 => 6 Gen: !T1, Kill: $-1,
; STOREF $-1 $4 => 7 Gen: $-1, Kill: $4,
; UNLINK => 8 Gen:  Kill: 
; RET => 9 Gen:  Kill: 
; LABEL FUNC_id_multiply_L => 10 Gen:  Kill: 
; LINK 2 => 11 Gen:  Kill: 
; MULTF $2 $3 !T2 => 12 Gen: $3, $2, Kill: !T2,
; STOREF !T2 $-1 => 13 Gen: !T2, Kill: $-1,
; STOREF $-1 $4 => 14 Gen: $-1, Kill: $4,
; UNLINK => 15 Gen:  Kill: 
; RET => 16 Gen:  Kill: 
; LABEL FUNC_id_main_L => 17 Gen:  Kill: 
; LINK 6 => 18 Gen:  Kill: 
; WRITES intro => 19 Gen: intro, Kill: 
; WRITES first => 20 Gen: first, Kill: 
; READF $-1 => 21 Gen:  Kill: $-1,
; WRITES second => 22 Gen: second, Kill: 
; READF $-2 => 23 Gen:  Kill: $-2,
; WRITES third => 24 Gen: third, Kill: 
; READF $-3 => 25 Gen:  Kill: $-3,
; PUSH (return value) => 26 Gen: (return value), Kill: 
; PUSH $-1 => 27 Gen: $-1, Kill: 
; PUSH $-2 => 28 Gen: $-2, Kill: 
; JSR FUNC_id_multiply_L => 29 Gen: plus, second, star, eol, equal, first, third, intro, Kill: 
; POP => 30 Gen:  Kill: 
; POP => 31 Gen:  Kill: 
; POP !T3 => 32 Gen: !T3, Kill: 
; STOREF !T3 $-5 => 33 Gen: !T3, Kill: $-5,
; PUSH (return value) => 34 Gen: (return value), Kill: 
; PUSH $-5 => 35 Gen: $-5, Kill: 
; PUSH $-3 => 36 Gen: $-3, Kill: 
; JSR FUNC_id_add_L => 37 Gen: plus, second, star, eol, equal, first, third, intro, Kill: 
; POP => 38 Gen:  Kill: 
; POP => 39 Gen:  Kill: 
; POP !T4 => 40 Gen: !T4, Kill: 
; STOREF !T4 $-4 => 41 Gen: !T4, Kill: $-4,
; WRITEF $-1 => 42 Gen: $-1, Kill: 
; WRITES star => 43 Gen: star, Kill: 
; WRITEF $-2 => 44 Gen: $-2, Kill: 
; WRITES plus => 45 Gen: plus, Kill: 
; WRITEF $-3 => 46 Gen: $-3, Kill: 
; WRITES equal => 47 Gen: equal, Kill: 
; WRITEF $-4 => 48 Gen: $-4, Kill: 
; WRITES eol => 49 Gen: eol, Kill: 
; STOREI 0 !T5 => 50 Gen: 0, Kill: !T5,
; STOREI !T5 $2 => 51 Gen: !T5, Kill: $2,
; UNLINK => 52 Gen:  Kill: 
; RET => 53 Gen:  Kill: 
