;INTa,b,c,d,e;STRINGnewline:="\n";
; IR code
;
;AHHHH left: a right: 1
;Print store: c 1 left: !T1
;Print store: c !T1 left: a
;AHHHH left: b right: 2
;Print store: c 2 left: !T2
;Print store: c !T2 left: b
;Print store: c !T5 left: e
; PUSH
; JSR FUNC_id_main_L
; HALT
; LABEL FUNC_id_main_L
; LINK 1
; STOREI 1 !T1
; STOREI !T1 a
; STOREI 2 !T2
; STOREI !T2 b
; READI c
; READI d
; MULTI a c !T3
; MULTI b d !T4
; ADDI !T3 !T4 !T5
; STOREI !T5 e
; WRITEI c
; WRITES newline
; WRITEI d
; WRITES newline
; WRITEI e
; WRITES newline
; UNLINK
; RET
var a
var b
var c
var d
var e
str newline "\n"
push
jsr FUNC_id_main_L
sys halt
label FUNC_id_main_L
link 7
;1 $-1 false false
move 1 $-1
;$-1 a false true
move $-1 r0
move r0 a
;2 $-3 false false
move 2 $-3
;$-3 b false true
move $-3 r0
move r0 b
sys readi c
sys readi d
; handled?
move a r0
; handled2?
move c r1
muli r0 r1
move r1 $-5 ; * STORE_HANDLED
; handled?
move b r0
; handled2?
move d r1
muli r0 r1
move r1 $-6 ; * STORE_HANDLED
; handled?
move $-5 r0
; handled2?
move $-6 r1
addi r0 r1
move r1 $-7 ; + STORE_HANDLED
;$-7 e false true
move $-7 r0
move r0 e
sys writei c
sys writes newline
sys writei d
sys writes newline
sys writei e
sys writes newline
unlnk
ret
