; IR code
; PUSH
; JSR FUNC_id_main_L
; HALT
; LABEL FUNC_id_main_L
; LINK 1
; STOREI 20 !T1
; STOREI !T1 a
; STOREI 30 !T2
; STOREI !T2 b
; STOREI 40 !T3
; STOREI !T3 c
; MULTI a b !T4
; ADDI c !T4 !T5
; MULTI a b !T6
; ADDI !T6 c !T7
; DIVI !T7 a !T8
; ADDI !T5 !T8 !T9
; STOREI 20 !T10
; ADDI !T9 !T10 !T11
; STOREI !T11 c
; MULTI b b !T12
; ADDI !T12 a !T13
; STOREI !T13 b
; MULTI b a !T14
; DIVI !T14 a !T15
; STOREI !T15 a
; WRITEI c
; WRITES newline
; WRITEI b
; WRITES newline
; WRITEI a
; WRITES newline
; STOREF 2.5 !T16
; STOREF !T16 p
; STOREF 1.2 !T17
; STOREF !T17 s
; STOREF 0.7 !T18
; STOREF !T18 t
; MULTF t p !T19
; SUBF !T19 s !T20
; MULTF p s !T21
; ADDF !T20 !T21 !T22
; STOREF !T22 t
; WRITEF t
; WRITES newline
; UNLINK
; RET
var a
var b
var c
var p
var s
var t
str newline "\n"
push
jsr FUNC_id_main_L
sys halt
label FUNC_id_main_L
link 24
;20 $-1 false false
move 20 $-1
;$-1 a false true
move $-1 r0
move r0 a
;30 $-3 false false
move 30 $-3
;$-3 b false true
move $-3 r0
move r0 b
;40 $-5 false false
move 40 $-5
;$-5 c false true
move $-5 r0
move r0 c
; handled?
move a r0
; handled2?
move b r1
muli r0 r1
move r1 $-7 ; * STORE_HANDLED
; handled?
move c r0
; handled2?
move $-7 r1
addi r0 r1
move r1 $-8 ; + STORE_HANDLED
; handled?
move a r0
; handled2?
move b r1
muli r0 r1
move r1 $-9 ; * STORE_HANDLED
; handled?
move $-9 r0
; handled2?
move c r1
addi r0 r1
move r1 $-10 ; + STORE_HANDLED
; handled?
move a r0
; handled2?
move $-10 r1
divi r0 r1
move r1 $-11 ; / STORE_HANDLED
; handled?
move $-8 r0
; handled2?
move $-11 r1
addi r0 r1
move r1 $-12 ; + STORE_HANDLED
;20 $-13 false false
move 20 $-13
; handled?
move $-12 r0
; handled2?
move $-13 r1
addi r0 r1
move r1 $-14 ; + STORE_HANDLED
;$-14 c false true
move $-14 r0
move r0 c
; handled?
move b r0
; handled2?
move b r1
muli r0 r1
move r1 $-16 ; * STORE_HANDLED
; handled?
move $-16 r0
; handled2?
move a r1
addi r0 r1
move r1 $-17 ; + STORE_HANDLED
;$-17 b false true
move $-17 r0
move r0 b
; handled?
move b r0
; handled2?
move a r1
muli r0 r1
move r1 $-19 ; * STORE_HANDLED
; handled?
move a r0
; handled2?
move $-19 r1
divi r0 r1
move r1 $-20 ; / STORE_HANDLED
;$-20 a false true
move $-20 r0
move r0 a
sys writei c
sys writes newline
sys writei b
sys writes newline
sys writei a
sys writes newline
;2.5 $-22 false false
move 2.5 $-22
;$-22 p false true
move $-22 r0
move r0 p
;1.2 $-24 false false
move 1.2 $-24
;$-24 s false true
move $-24 r0
move r0 s
;0.7 $-26 false false
move 0.7 $-26
;$-26 t false true
move $-26 r0
move r0 t
; handled?
move t r0
; handled2?
move p r1
mulr r0 r1
move r1 $-28 ; * STORE_HANDLED
; handled?
move s r0
; handled2?
move $-28 r1
subr r0 r1
move r1 $-29 ; - STORE_HANDLED
; handled?
move p r0
; handled2?
move s r1
mulr r0 r1
move r1 $-30 ; * STORE_HANDLED
; handled?
move $-29 r0
; handled2?
move $-30 r1
addr r0 r1
move r1 $-31 ; + STORE_HANDLED
;$-31 t false true
move $-31 r0
move r0 t
sys writer t
sys writes newline
unlnk
ret
