;INTi,a,num;
; IR code
;
;only one function call with operation: or no function call7
;Print store: c 7 left: !T1
;Print store: c !T1 left: num
;only one function call with operation: or no function call2
;Print store: c 2 left: !T2
;Print store: c !T2 left: i
;only one function call with operation: or no function call42
;Print store: c 42 left: !T3
;Print store: c !T3 left: a
;Print store: c 5 left: !T4
;only one function call with operation: or no function callnum+a
;Print store: c !T5 left: num
;Print store: c 3 left: !T6
;only one function call with operation: or no function callnum+a
;Print store: c !T7 left: num
;Print store: c 5 left: !T8
;only one function call with operation: or no function callnum-a
;Print store: c !T9 left: num
; PUSH
; JSR FUNC_id_main_L
; HALT
; LABEL FUNC_id_main_L
; LINK 1
; STOREI 7 !T1
; STOREI !T1 num
; STOREI 2 !T2
; STOREI !T2 i
; STOREI 42 !T3
; STOREI !T3 a
; STOREF 5 !T4
; GE i !T4 label1
; ADDI num a !T5
; STOREI !T5 num
; STOREF 3 !T6
; GE i !T6 label3
; ADDI num a !T7
; STOREI !T7 num
; JUMP label4
; LABEL label3
; LABEL label4
; JUMP label2
; LABEL label1
; STOREF 5 !T8
; LT i !T8 label5
; SUBI num a !T9
; STOREI !T9 num
; JUMP label6
; LABEL label5
; LABEL label6
; LABEL label2
; WRITEI num
; UNLINK
; RET
var i
var a
var num
push
jsr FUNC_id_main_L
sys halt
label FUNC_id_main_L
link 16
move 7 $-1
move $-1 r0
move r0 num
move 2 $-3
move $-3 r0
move r0 i
move 42 $-5
move $-5 r0
move r0 a
move 5 $-7
move i r0
move $-7 r1
cmpi r0 r1
jge label1
move num r0
move a r1
addi r0 r1
move r1 $-8 ; + STORE_HANDLED
move $-8 r0
move r0 num
move 3 $-10
move i r0
move $-10 r1
cmpi r0 r1
jge label3
move num r0
move a r1
addi r0 r1
move r1 $-11 ; + STORE_HANDLED
move $-11 r0
move r0 num
jmp label4
label label3
label label4
jmp label2
label label1
move 5 $-13
move i r0
move $-13 r1
cmpi r0 r1
jlt label5
move a r0
move num r1
subi r0 r1
move r1 $-14 ; - STORE_HANDLED
move $-14 r0
move r0 num
jmp label6
label label5
label label6
label label2
sys writei num
unlnk
ret
